7 8 8 8 6 1 1 1 2 2 2 4 3 3 2 2 1 1 1 1 12 6 2 2 2 3 3 1
